// Jest Snapshot v1, https://goo.gl/fbAQLP

exports[`should render NotFoundPage correctly 1`] = `
<div>
  404 - Not Found 
  <Link
    to="/"
  >
    Home page
  </Link>
</div>
`;
